<?xml version="1.0" encoding="utf-8"?><testsuites name="pytest tests"><testsuite name="pytest" errors="3" failures="0" skipped="0" tests="3" time="0.250" timestamp="2025-11-21T15:42:33.866157+02:00" hostname="Saytoris-AN5"><testcase classname="" name="Lab 3 Tech Prog.Flask_app.test_product_stack" time="0.000"><error message="collection failure">import file mismatch:
imported module 'test_product_stack' has this __file__ attribute:
  C:\Users\igarl\Tech-Prog-Labs\Git Lab 2 Tech Prog\Lab2ProgTech\test_product_stack.py
which is not the same as the test file we want to collect:
  C:\Users\igarl\Tech-Prog-Labs\Lab 3 Tech Prog\Flask_app\test_product_stack.py
HINT: remove __pycache__ / .pyc files and/or use a unique basename for your test file modules</error></testcase><testcase classname="" name="Lab 3 Tech Prog.Lab2ProgTech.test_product_stack" time="0.000"><error message="collection failure">import file mismatch:
imported module 'test_product_stack' has this __file__ attribute:
  C:\Users\igarl\Tech-Prog-Labs\Git Lab 2 Tech Prog\Lab2ProgTech\test_product_stack.py
which is not the same as the test file we want to collect:
  C:\Users\igarl\Tech-Prog-Labs\Lab 3 Tech Prog\Lab2ProgTech\test_product_stack.py
HINT: remove __pycache__ / .pyc files and/or use a unique basename for your test file modules</error></testcase><testcase classname="" name="Test.test_product_stack" time="0.000"><error message="collection failure">import file mismatch:
imported module 'test_product_stack' has this __file__ attribute:
  C:\Users\igarl\Tech-Prog-Labs\Git Lab 2 Tech Prog\Lab2ProgTech\test_product_stack.py
which is not the same as the test file we want to collect:
  C:\Users\igarl\Tech-Prog-Labs\Test\test_product_stack.py
HINT: remove __pycache__ / .pyc files and/or use a unique basename for your test file modules</error></testcase></testsuite></testsuites>